// Vitest Snapshot v1

exports[`PrimeReact Config > the snapshot should not have changed 1`] = `
{
  "data": [
    105,
    109,
    112,
    111,
    114,
    116,
    32,
    34,
    112,
    114,
    105,
    109,
    101,
    114,
    101,
    97,
    99,
    116,
    47,
    114,
    101,
    115,
    111,
    117,
    114,
    99,
    101,
    115,
    47,
    116,
    104,
    101,
    109,
    101,
    115,
    47,
    116,
    97,
    105,
    108,
    119,
    105,
    110,
    100,
    45,
    108,
    105,
    103,
    104,
    116,
    47,
    116,
    104,
    101,
    109,
    101,
    46,
    99,
    115,
    115,
    34,
    59,
    10,
    105,
    109,
    112,
    111,
    114,
    116,
    32,
    34,
    112,
    114,
    105,
    109,
    101,
    114,
    101,
    97,
    99,
    116,
    47,
    114,
    101,
    115,
    111,
    117,
    114,
    99,
    101,
    115,
    47,
    112,
    114,
    105,
    109,
    101,
    114,
    101,
    97,
    99,
    116,
    46,
    109,
    105,
    110,
    46,
    99,
    115,
    115,
    34,
    59,
    10,
    105,
    109,
    112,
    111,
    114,
    116,
    32,
    34,
    112,
    114,
    105,
    109,
    101,
    105,
    99,
    111,
    110,
    115,
    47,
    112,
    114,
    105,
    109,
    101,
    105,
    99,
    111,
    110,
    115,
    46,
    99,
    115,
    115,
    34,
    59,
    10,
    105,
    109,
    112,
    111,
    114,
    116,
    32,
    80,
    114,
    105,
    109,
    101,
    82,
    101,
    97,
    99,
    116,
    32,
    102,
    114,
    111,
    109,
    32,
    39,
    112,
    114,
    105,
    109,
    101,
    114,
    101,
    97,
    99,
    116,
    47,
    97,
    112,
    105,
    39,
    59,
    10,
    10,
    80,
    114,
    105,
    109,
    101,
    82,
    101,
    97,
    99,
    116,
    46,
    114,
    105,
    112,
    112,
    108,
    101,
    32,
    61,
    32,
    116,
    114,
    117,
    101,
    59,
    10,
  ],
  "type": "Buffer",
}
`;
